........................................................................ [  3%]
........................................................................ [  7%]
........................................................................ [ 10%]
........................................................................ [ 14%]
...................s.s.s................................................ [ 17%]
........................................................................ [ 21%]
........................................................................ [ 24%]
........................................................................ [ 28%]
........................................................................ [ 32%]
........................................................................ [ 35%]
........................................................................ [ 39%]
........................................................................ [ 42%]
.................s...................................................... [ 46%]
........................................................................ [ 49%]
........................................................................ [ 53%]
........................................................................ [ 57%]
........................................................................ [ 60%]
........................................................................ [ 64%]
...................................................ssssssss............. [ 67%]
.......................................................s.sssss.......... [ 71%]
........................................................................ [ 74%]
........................................................................ [ 78%]
................................................................ss....ss [ 81%]
ss...................................................................... [ 85%]
........................................................................ [ 89%]
........................................................................ [ 92%]
........................................................................ [ 96%]
........................................................................ [ 99%]
....                                                                     [100%]
=============================== warnings summary ===============================
tests/test_init_preserving_density.py::test_opacity_reset_level_remains_selectable
  /home/alex/Documents/realtime-gs/tests/test_init_preserving_density.py:323: UserWarning: Converting a tensor with requires_grad=True to a scalar may lead to unexpected behavior.
  Consider using tensor.detach() first. (Triggered internally at /pytorch/torch/csrc/autograd/generated/python_variable_methods.cpp:836.)
    assert float(torch.sigmoid(new_params["opacities"]).max()) <= 0.011 + 1e-6

tests/test_surfel_lift.py::test_a1_tangential_scales_recover_the_projected_footprint
  /home/alex/Documents/realtime-gs/src/rtgs/lift/surfel_lift.py:230: UserWarning: index_reduce() is in beta and the API may change at any time. (Triggered internally at /pytorch/aten/src/ATen/native/TensorAdvancedIndexing.cpp:1517.)
    return out.index_reduce_(0, keys, payload, "amax", include_self=True)

-- Docs: https://docs.pytest.org/en/stable/how-to/capture-warnings.html
