==> ruff check
All checks passed!
==> ruff format --check
393 files already formatted
==> pytest (not slow, CPU-only)
........................................................................ [  3%]
..........................................................s............. [  6%]
....................sss................................................. [  9%]
........................................................................ [ 12%]
........................................................................ [ 15%]
...........s.s.s........................................................ [ 19%]
........................................................................ [ 22%]
........................................................................ [ 25%]
........................................................................ [ 28%]
........................................................................ [ 31%]
..................s..................................................... [ 35%]
...................................s.................................... [ 38%]
........................................................................ [ 41%]
........................................................................ [ 44%]
s....................................................................... [ 47%]
........................................................................ [ 51%]
........................................................................ [ 54%]
........................................................................ [ 57%]
........................................................................ [ 60%]
........................................................................ [ 63%]
..................................ssssssss.............................. [ 67%]
........................................................................ [ 70%]
......................................................................s. [ 73%]
sssss................................................................... [ 76%]
........................................................................ [ 79%]
........................................................................ [ 83%]
.......ss....ssss....................................................... [ 86%]
........................................................................ [ 89%]
........................................................................ [ 92%]
........................................................................ [ 95%]
........................................................................ [ 98%]
.......................                                                  [100%]
=============================== warnings summary ===============================
tests/test_init_preserving_density.py::test_opacity_reset_level_remains_selectable
  /home/alex/Documents/realtime-gs/tests/test_init_preserving_density.py:323: UserWarning: Converting a tensor with requires_grad=True to a scalar may lead to unexpected behavior.
  Consider using tensor.detach() first. (Triggered internally at /pytorch/torch/csrc/autograd/generated/python_variable_methods.cpp:836.)
    assert float(torch.sigmoid(new_params["opacities"]).max()) <= 0.011 + 1e-6

tests/test_surfel_lift.py::test_a1_tangential_scales_recover_the_projected_footprint
  /home/alex/Documents/realtime-gs/src/rtgs/lift/surfel_lift.py:230: UserWarning: index_reduce() is in beta and the API may change at any time. (Triggered internally at /pytorch/aten/src/ATen/native/TensorAdvancedIndexing.cpp:1517.)
    return out.index_reduce_(0, keys, payload, "amax", include_self=True)

-- Docs: https://docs.pytest.org/en/stable/how-to/capture-warnings.html
==> docs sync
docs_sync: OK
==> ara claim ledger
check_ara: OK (47 claims)
==> script layout
check_script_layout: OK (11 durable scripts)
==> agent workflow
check_agent_workflow: OK (9 skills, 23 archived tasks, active task/template valid)
==> experiment contracts
experiment_contract: OK
==> verify OK
